E:\project\textile_app\src\main\java\com\textile_app\controller\Suppliercontroller.java
E:\project\textile_app\src\main\java\com\textile_app\model\Cart.java
E:\project\textile_app\src\main\java\com\textile_app\dao\registerdao.java
E:\project\textile_app\src\main\java\com\textile_app\serviceimpl\Categoryimpl.java
E:\project\textile_app\src\main\java\com\textile_app\controller\HomepageController.java
E:\project\textile_app\src\main\java\com\textile_app\serviceimpl\Productimpl.java
E:\project\textile_app\src\main\java\com\textile_app\controller\productcontroller.java
E:\project\textile_app\src\main\java\com\textile_app\serviceimpl\Cartimpl.java
E:\project\textile_app\src\main\java\com\textile_app\dao\Cartdao.java
E:\project\textile_app\src\main\java\com\textile_app\model\Category.java
E:\project\textile_app\src\main\java\com\textile_app\model\Supplier.java
E:\project\textile_app\src\main\java\com\textile_app\serviceimpl\Supplierimpl.java
E:\project\textile_app\src\main\java\com\textile_app\controller\RegisterController.java
E:\project\textile_app\src\main\java\com\textile_app\controller\Categorycontroller.java
E:\project\textile_app\src\main\java\com\textile_app\dao\Productdao.java
E:\project\textile_app\src\main\java\com\textile_app\dao\Supplierdao.java
E:\project\textile_app\src\main\java\com\textile_app\model\usercredential.java
E:\project\textile_app\src\main\java\com\textile_app\serviceimpl\registerimpl.java
E:\project\textile_app\src\main\java\com\textile_app\model\register.java
E:\project\textile_app\src\main\java\com\textile_app\model\Product.java
E:\project\textile_app\src\main\java\com\textile_app\controller\Cartcontroller.java
E:\project\textile_app\src\main\java\com\textile_app\dao\Categorydao.java
E:\project\textile_app\src\main\java\com\textile_app\controller\loginpagecontroller.java
